// Jest Snapshot v1, https://goo.gl/fbAQLP

exports[`Render GenresList 1`] = `
<ul
  className="catalog__genres-list"
>
  <li
    className="catalog__genres-item "
  >
    <a
      className="catalog__genres-link"
      href="#"
      onClick={[Function]}
    >
      All genres
    </a>
  </li>
  <li
    className="catalog__genres-item "
  >
    <a
      className="catalog__genres-link"
      href="#"
      onClick={[Function]}
    >
      genre-1
    </a>
  </li>
  <li
    className="catalog__genres-item catalog__genres-item--active"
  >
    <a
      className="catalog__genres-link"
      href="#"
      onClick={[Function]}
    >
      genre-2
    </a>
  </li>
  <li
    className="catalog__genres-item "
  >
    <a
      className="catalog__genres-link"
      href="#"
      onClick={[Function]}
    >
      genre-3
    </a>
  </li>
  <li
    className="catalog__genres-item "
  >
    <a
      className="catalog__genres-link"
      href="#"
      onClick={[Function]}
    >
      genre-4
    </a>
  </li>
</ul>
`;
